MO IM NULL IM.v vlg3A/_i_m.bin 1542434279
MO DataMemory NULL DataMemory.v vlg2B/_data_memory.bin 1543652992
MO EXT NULL EXT.v vlg49/_e_x_t.bin 1543652992
MO Controller NULL Controller.v vlg34/_controller.bin 1543652992
MO GRF NULL GRF.v vlg4F/_g_r_f.bin 1543652992
MO mips NULL mips.v vlg1D/mips.bin 1543652992
MO IFU NULL IFU.v vlg54/_i_f_u.bin 1543652992
MO ALU NULL ALU.v vlg2A/_a_l_u.bin 1543652992
